BL51 BANKED LINKER/LOCATER V6.22.2.0                                                    09/30/2021  11:22:31  PAGE 1


BL51 BANKED LINKER/LOCATER V6.22.2.0, INVOKED BY:
C:\KEIL_V5\C51\BIN\BL51.EXE .\Objects\STARTUP.obj, .\Objects\test2.obj TO .\Objects\test2 PRINT (.\Listings\test2.m51)


MEMORY MODEL: SMALL


INPUT MODULES INCLUDED:
  .\Objects\STARTUP.obj (?C_STARTUP)
  .\Objects\test2.obj (TEST2)


LINK MAP OF MODULE:  .\Objects\test2 (?C_STARTUP)


            TYPE    BASE      LENGTH    RELOCATION   SEGMENT NAME
            -----------------------------------------------------

            * * * * * * *   D A T A   M E M O R Y   * * * * * * *
            REG     0000H     0008H     ABSOLUTE     "REG BANK 0"
            IDATA   0008H     0001H     UNIT         ?STACK

            * * * * * * *   C O D E   M E M O R Y   * * * * * * *
            CODE    0000H     0003H     ABSOLUTE     
            CODE    0003H     0020H     UNIT         ?PR?MAIN?TEST2
            CODE    0023H     000CH     UNIT         ?C_C51STARTUP
            CODE    002FH     000BH     UNIT         ?PR?_DELAY?TEST2



OVERLAY MAP OF MODULE:   .\Objects\test2 (?C_STARTUP)


SEGMENT
  +--> CALLED SEGMENT
---------------------
?C_C51STARTUP
  +--> ?PR?MAIN?TEST2

?PR?MAIN?TEST2
  +--> ?PR?_DELAY?TEST2



SYMBOL TABLE OF MODULE:  .\Objects\test2 (?C_STARTUP)

  VALUE           TYPE          NAME
  ----------------------------------

  -------         MODULE        ?C_STARTUP
  C:0023H         SEGMENT       ?C_C51STARTUP
  I:0008H         SEGMENT       ?STACK
  C:0000H         PUBLIC        ?C_STARTUP
  D:00E0H         SYMBOL        ACC
  D:00F0H         SYMBOL        B
  D:0083H         SYMBOL        DPH
  D:0082H         SYMBOL        DPL
  N:0000H         SYMBOL        IBPSTACK
BL51 BANKED LINKER/LOCATER V6.22.2.0                                                  09/30/2021  11:22:31  PAGE 2


  N:0100H         SYMBOL        IBPSTACKTOP
  N:0080H         SYMBOL        IDATALEN
  C:0026H         SYMBOL        IDATALOOP
  N:0000H         SYMBOL        PBPSTACK
  N:0100H         SYMBOL        PBPSTACKTOP
  N:0000H         SYMBOL        PDATALEN
  N:0000H         SYMBOL        PDATASTART
  N:0000H         SYMBOL        PPAGE
  N:0000H         SYMBOL        PPAGEENABLE
  D:00A0H         SYMBOL        PPAGE_SFR
  D:0081H         SYMBOL        SP
  C:0023H         SYMBOL        STARTUP1
  N:0000H         SYMBOL        XBPSTACK
  N:0000H         SYMBOL        XBPSTACKTOP
  N:0000H         SYMBOL        XDATALEN
  N:0000H         SYMBOL        XDATASTART
  C:0000H         LINE#         126
  C:0023H         LINE#         133
  C:0025H         LINE#         134
  C:0026H         LINE#         135
  C:0027H         LINE#         136
  C:0029H         LINE#         185
  C:002CH         LINE#         196
  -------         ENDMOD        ?C_STARTUP

  -------         MODULE        TEST2
  C:0000H         SYMBOL        _ICE_DUMMY_
  D:0080H         PUBLIC        P0
  C:002FH         PUBLIC        _delay
  C:0003H         PUBLIC        main
  -------         PROC          _DELAY
  D:0006H         SYMBOL        a
  C:002FH         LINE#         2
  C:002FH         LINE#         3
  C:002FH         LINE#         4
  C:0039H         LINE#         5
  -------         ENDPROC       _DELAY
  -------         PROC          MAIN
  -------         DO            
  D:0005H         SYMBOL        i
  -------         ENDDO         
  C:0003H         LINE#         6
  C:0003H         LINE#         7
  C:0003H         LINE#         9
  C:0003H         LINE#         10
  C:0003H         LINE#         11
  C:0006H         LINE#         12
  -------         ENDPROC       MAIN
  -------         ENDMOD        TEST2

Program Size: data=9.0 xdata=0 code=58
LINK/LOCATE RUN COMPLETE.  0 WARNING(S),  0 ERROR(S)
