BL51 BANKED LINKER/LOCATER V6.22.2.0                                                    10/21/2021  10:30:44  PAGE 1


BL51 BANKED LINKER/LOCATER V6.22.2.0, INVOKED BY:
C:\KEIL_V5\C51\BIN\BL51.EXE .\Objects\test3.obj TO .\Objects\test3 PRINT (.\Listings\test3.m51)


MEMORY MODEL: SMALL


INPUT MODULES INCLUDED:
  .\Objects\test3.obj (TEST3)
  C:\KEIL_V5\C51\LIB\C51S.LIB (?C_STARTUP)


LINK MAP OF MODULE:  .\Objects\test3 (TEST3)


            TYPE    BASE      LENGTH    RELOCATION   SEGMENT NAME
            -----------------------------------------------------

            * * * * * * *   D A T A   M E M O R Y   * * * * * * *
            REG     0000H     0008H     ABSOLUTE     "REG BANK 0"
            IDATA   0008H     0001H     UNIT         ?STACK

            * * * * * * *   C O D E   M E M O R Y   * * * * * * *
            CODE    0000H     0003H     ABSOLUTE     
            CODE    0003H     000CH     UNIT         ?C_C51STARTUP
            CODE    000FH     000BH     UNIT         ?PR?MAIN?TEST3



OVERLAY MAP OF MODULE:   .\Objects\test3 (TEST3)


SEGMENT
  +--> CALLED SEGMENT
---------------------
?C_C51STARTUP
  +--> ?PR?MAIN?TEST3



SYMBOL TABLE OF MODULE:  .\Objects\test3 (TEST3)

  VALUE           TYPE          NAME
  ----------------------------------

  -------         MODULE        TEST3
  C:0000H         SYMBOL        _ICE_DUMMY_
  D:0080H         PUBLIC        P0
  D:00A0H         PUBLIC        P2
  C:000FH         PUBLIC        main
  -------         PROC          MAIN
  C:000FH         LINE#         2
  C:000FH         LINE#         3
  C:0012H         LINE#         4
  C:0015H         LINE#         5
  C:0015H         LINE#         6
  C:0018H         LINE#         7
  -------         ENDPROC       MAIN
BL51 BANKED LINKER/LOCATER V6.22.2.0                                                  10/21/2021  10:30:44  PAGE 2


  -------         ENDMOD        TEST3

Program Size: data=9.0 xdata=0 code=26
LINK/LOCATE RUN COMPLETE.  0 WARNING(S),  0 ERROR(S)
