BL51 BANKED LINKER/LOCATER V6.22.2.0                                                    11/04/2021  11:20:16  PAGE 1


BL51 BANKED LINKER/LOCATER V6.22.2.0, INVOKED BY:
C:\KEIL_V5\C51\BIN\BL51.EXE .\Objects\STARTUP.obj, .\Objects\test5.obj TO .\Objects\test5 PRINT (.\Listings\test5.m51)


INPUT MODULES INCLUDED:
  .\Objects\STARTUP.obj (?C_STARTUP)
  .\Objects\test5.obj (TEST5)


LINK MAP OF MODULE:  .\Objects\test5 (?C_STARTUP)


            TYPE    BASE      LENGTH    RELOCATION   SEGMENT NAME
            -----------------------------------------------------

            * * * * * * *   D A T A   M E M O R Y   * * * * * * *
            REG     0000H     0008H     ABSOLUTE     "REG BANK 0"
            IDATA   0008H     0001H     UNIT         ?STACK

            * * * * * * *   C O D E   M E M O R Y   * * * * * * *
            CODE    0000H     0003H     ABSOLUTE     
* OVERLAP * CODE    0000H     002BH     ABSOLUTE     
            CODE    002BH     000CH     UNIT         ?C_C51STARTUP



UNRESOLVED EXTERNAL SYMBOLS:
   ?C_START



SYMBOL TABLE OF MODULE:  .\Objects\test5 (?C_STARTUP)

  VALUE           TYPE          NAME
  ----------------------------------

  -------         MODULE        ?C_STARTUP
  C:002BH         SEGMENT       ?C_C51STARTUP
  I:0008H         SEGMENT       ?STACK
  C:0000H         PUBLIC        ?C_STARTUP
  D:00E0H         SYMBOL        ACC
  D:00F0H         SYMBOL        B
  D:0083H         SYMBOL        DPH
  D:0082H         SYMBOL        DPL
  N:0000H         SYMBOL        IBPSTACK
  N:0100H         SYMBOL        IBPSTACKTOP
  N:0080H         SYMBOL        IDATALEN
  C:002EH         SYMBOL        IDATALOOP
  N:0000H         SYMBOL        PBPSTACK
  N:0100H         SYMBOL        PBPSTACKTOP
  N:0000H         SYMBOL        PDATALEN
  N:0000H         SYMBOL        PDATASTART
  N:0000H         SYMBOL        PPAGE
  N:0000H         SYMBOL        PPAGEENABLE
  D:00A0H         SYMBOL        PPAGE_SFR
  D:0081H         SYMBOL        SP
  C:002BH         SYMBOL        STARTUP1
  N:0000H         SYMBOL        XBPSTACK
BL51 BANKED LINKER/LOCATER V6.22.2.0                                                  11/04/2021  11:20:16  PAGE 2


  N:0000H         SYMBOL        XBPSTACKTOP
  N:0000H         SYMBOL        XDATALEN
  N:0000H         SYMBOL        XDATASTART
  C:0000H         LINE#         126
  C:002BH         LINE#         133
  C:002DH         LINE#         134
  C:002EH         LINE#         135
  C:002FH         LINE#         136
  C:0031H         LINE#         185
  C:0034H         LINE#         196
  -------         ENDMOD        ?C_STARTUP

  -------         MODULE        TEST5
  C:001AH         SYMBOL        DELAY
  C:001CH         SYMBOL        DELAY1
  C:0009H         SYMBOL        NEXT
  D:0080H         SYMBOL        P0
  D:0090H         SYMBOL        P1
  C:0000H         SYMBOL        START
  C:0023H         SYMBOL        TAB
  C:0000H         LINE#         3
  C:0003H         LINE#         4
  C:0005H         LINE#         5
  C:0007H         LINE#         6
  C:0009H         LINE#         8
  C:000AH         LINE#         9
  C:000CH         LINE#         10
  C:000DH         LINE#         11
  C:000EH         LINE#         12
  C:000FH         LINE#         13
  C:0010H         LINE#         14
  C:0012H         LINE#         15
  C:0015H         LINE#         16
  C:0016H         LINE#         17
  C:0018H         LINE#         18
  C:001AH         LINE#         20
  C:001CH         LINE#         22
  C:001EH         LINE#         23
  C:0020H         LINE#         24
  C:0022H         LINE#         25
  -------         ENDMOD        TEST5

*** WARNING L5: CODE SPACE MEMORY OVERLAP
    FROM:    0000H
    TO:      0002H

*** WARNING L1: UNRESOLVED EXTERNAL SYMBOL
    SYMBOL:  ?C_START
    MODULE:  .\Objects\STARTUP.obj (?C_STARTUP)

*** WARNING L2: REFERENCE MADE TO UNRESOLVED EXTERNAL
    SYMBOL:  ?C_START
    MODULE:  .\Objects\STARTUP.obj (?C_STARTUP)
    ADDRESS: 0035H

Program Size: data=9.0 xdata=0 code=58
LINK/LOCATE RUN COMPLETE.  3 WARNING(S),  0 ERROR(S)
