BL51 BANKED LINKER/LOCATER V6.22.2.0                                                    09/23/2021  11:19:02  PAGE 1


BL51 BANKED LINKER/LOCATER V6.22.2.0, INVOKED BY:
C:\KEIL_V5\C51\BIN\BL51.EXE .\Objects\STARTUP.obj, .\Objects\test1.obj TO .\Objects\test1 PRINT (.\Listings\test1.m51) R
>> AMSIZE (256)


INPUT MODULES INCLUDED:
  .\Objects\STARTUP.obj (?C_STARTUP)
  .\Objects\test1.obj (TEST1)


LINK MAP OF MODULE:  .\Objects\test1 (?C_STARTUP)


            TYPE    BASE      LENGTH    RELOCATION   SEGMENT NAME
            -----------------------------------------------------

            * * * * * * *   D A T A   M E M O R Y   * * * * * * *
            REG     0000H     0008H     ABSOLUTE     "REG BANK 0"
            IDATA   0008H     0001H     UNIT         ?STACK

            * * * * * * *   C O D E   M E M O R Y   * * * * * * *
            CODE    0000H     0003H     ABSOLUTE     
* OVERLAP * CODE    0000H     0165H     ABSOLUTE     
            CODE    0165H     000CH     UNIT         ?C_C51STARTUP



UNRESOLVED EXTERNAL SYMBOLS:
   ?C_START



SYMBOL TABLE OF MODULE:  .\Objects\test1 (?C_STARTUP)

  VALUE           TYPE          NAME
  ----------------------------------

  -------         MODULE        ?C_STARTUP
  C:0165H         SEGMENT       ?C_C51STARTUP
  I:0008H         SEGMENT       ?STACK
  C:0000H         PUBLIC        ?C_STARTUP
  D:00E0H         SYMBOL        ACC
  D:00F0H         SYMBOL        B
  D:0083H         SYMBOL        DPH
  D:0082H         SYMBOL        DPL
  N:0000H         SYMBOL        IBPSTACK
  N:0100H         SYMBOL        IBPSTACKTOP
  N:0080H         SYMBOL        IDATALEN
  C:0168H         SYMBOL        IDATALOOP
  N:0000H         SYMBOL        PBPSTACK
  N:0100H         SYMBOL        PBPSTACKTOP
  N:0000H         SYMBOL        PDATALEN
  N:0000H         SYMBOL        PDATASTART
  N:0000H         SYMBOL        PPAGE
  N:0000H         SYMBOL        PPAGEENABLE
  D:00A0H         SYMBOL        PPAGE_SFR
  D:0081H         SYMBOL        SP
  C:0165H         SYMBOL        STARTUP1
BL51 BANKED LINKER/LOCATER V6.22.2.0                                                  09/23/2021  11:19:02  PAGE 2


  N:0000H         SYMBOL        XBPSTACK
  N:0000H         SYMBOL        XBPSTACKTOP
  N:0000H         SYMBOL        XDATALEN
  N:0000H         SYMBOL        XDATASTART
  C:0000H         LINE#         126
  C:0165H         LINE#         133
  C:0167H         LINE#         134
  C:0168H         LINE#         135
  C:0169H         LINE#         136
  C:016BH         LINE#         185
  C:016EH         LINE#         196
  -------         ENDMOD        ?C_STARTUP

  -------         MODULE        TEST1
  C:015CH         SYMBOL        ADDP
  D:00F0H         SYMBOL        B
  C:0126H         SYMBOL        BINBCD
  N:0002H         SYMBOL        BYTES
  C:013BH         SYMBOL        LOOP
  C:0100H         SYMBOL        MAIN
  C:013EH         SYMBOL        RB1
  C:014CH         SYMBOL        RB2
  C:0146H         SYMBOL        RB3
  C:012AH         SYMBOL        RB4
  C:0156H         SYMBOL        RB5
  C:0131H         SYMBOL        RB6
  C:0000H         LINE#         3
  C:0100H         LINE#         6
  C:0103H         LINE#         7
  C:0106H         LINE#         8
  C:0109H         LINE#         9
  C:010CH         LINE#         10
  C:010EH         LINE#         11
  C:0110H         LINE#         12
  C:0113H         LINE#         13
  C:0115H         LINE#         14
  C:0117H         LINE#         15
  C:011AH         LINE#         16
  C:011CH         LINE#         17
  C:011EH         LINE#         18
  C:0120H         LINE#         19
  C:0123H         LINE#         20
  C:0126H         LINE#         23
  C:0128H         LINE#         24
  C:0129H         LINE#         25
  C:012AH         LINE#         27
  C:012BH         LINE#         28
  C:012CH         LINE#         29
  C:012EH         LINE#         30
  C:0130H         LINE#         31
  C:0131H         LINE#         33
  C:0132H         LINE#         34
  C:0134H         LINE#         35
  C:0136H         LINE#         37
  C:0139H         LINE#         38
  C:013AH         LINE#         39
  C:013BH         LINE#         41
BL51 BANKED LINKER/LOCATER V6.22.2.0                                                  09/23/2021  11:19:02  PAGE 3


  C:013DH         LINE#         42
  C:013EH         LINE#         44
  C:013FH         LINE#         45
  C:0140H         LINE#         46
  C:0141H         LINE#         47
  C:0142H         LINE#         48
  C:0144H         LINE#         49
  C:0146H         LINE#         51
  C:0147H         LINE#         52
  C:0149H         LINE#         53
  C:014BH         LINE#         54
  C:014CH         LINE#         56
  C:014DH         LINE#         57
  C:014EH         LINE#         58
  C:014FH         LINE#         61
  C:0150H         LINE#         62
  C:0151H         LINE#         63
  C:0153H         LINE#         64
  C:0155H         LINE#         65
  C:0156H         LINE#         67
  C:0157H         LINE#         68
  C:0159H         LINE#         69
  C:015BH         LINE#         70
  C:015CH         LINE#         73
  C:015DH         LINE#         74
  C:015EH         LINE#         75
  C:015FH         LINE#         76
  C:0160H         LINE#         77
  C:0161H         LINE#         78
  C:0162H         LINE#         79
  C:0164H         LINE#         80
  -------         ENDMOD        TEST1

*** WARNING L5: CODE SPACE MEMORY OVERLAP
    FROM:    0000H
    TO:      0002H

*** WARNING L1: UNRESOLVED EXTERNAL SYMBOL
    SYMBOL:  ?C_START
    MODULE:  .\Objects\STARTUP.obj (?C_STARTUP)

*** WARNING L2: REFERENCE MADE TO UNRESOLVED EXTERNAL
    SYMBOL:  ?C_START
    MODULE:  .\Objects\STARTUP.obj (?C_STARTUP)
    ADDRESS: 016FH

Program Size: data=9.0 xdata=0 code=372
LINK/LOCATE RUN COMPLETE.  3 WARNING(S),  0 ERROR(S)
