BL51 BANKED LINKER/LOCATER V6.22.2.0                                                    10/28/2021  15:39:02  PAGE 1


BL51 BANKED LINKER/LOCATER V6.22.2.0, INVOKED BY:
C:\KEIL_V5\C51\BIN\BL51.EXE .\Objects\STARTUP.obj, .\Objects\test4.obj TO .\Objects\test4 PRINT (.\Listings\test4.m51)


MEMORY MODEL: SMALL


INPUT MODULES INCLUDED:
  .\Objects\STARTUP.obj (?C_STARTUP)
  .\Objects\test4.obj (TEST4)


LINK MAP OF MODULE:  .\Objects\test4 (?C_STARTUP)


            TYPE    BASE      LENGTH    RELOCATION   SEGMENT NAME
            -----------------------------------------------------

            * * * * * * *   D A T A   M E M O R Y   * * * * * * *
            REG     0000H     0008H     ABSOLUTE     "REG BANK 0"
            DATA    0008H     0002H     UNIT         ?DT?TEST4
            IDATA   000AH     0001H     UNIT         ?STACK

            * * * * * * *   C O D E   M E M O R Y   * * * * * * *
            CODE    0000H     0003H     ABSOLUTE     
            CODE    0003H     0083H     UNIT         ?PR?MAIN?TEST4
            CODE    0086H     0010H     UNIT         ?CO?TEST4
            CODE    0096H     000CH     UNIT         ?C_C51STARTUP
            CODE    00A2H     000BH     UNIT         ?PR?_DELAY?TEST4



OVERLAY MAP OF MODULE:   .\Objects\test4 (?C_STARTUP)


SEGMENT
  +--> CALLED SEGMENT
---------------------
?C_C51STARTUP
  +--> ?PR?MAIN?TEST4

?PR?MAIN?TEST4
  +--> ?CO?TEST4
  +--> ?PR?_DELAY?TEST4



SYMBOL TABLE OF MODULE:  .\Objects\test4 (?C_STARTUP)

  VALUE           TYPE          NAME
  ----------------------------------

  -------         MODULE        ?C_STARTUP
  C:0096H         SEGMENT       ?C_C51STARTUP
  I:000AH         SEGMENT       ?STACK
  C:0000H         PUBLIC        ?C_STARTUP
  D:00E0H         SYMBOL        ACC
  D:00F0H         SYMBOL        B
BL51 BANKED LINKER/LOCATER V6.22.2.0                                                  10/28/2021  15:39:02  PAGE 2


  D:0083H         SYMBOL        DPH
  D:0082H         SYMBOL        DPL
  N:0000H         SYMBOL        IBPSTACK
  N:0100H         SYMBOL        IBPSTACKTOP
  N:0080H         SYMBOL        IDATALEN
  C:0099H         SYMBOL        IDATALOOP
  N:0000H         SYMBOL        PBPSTACK
  N:0100H         SYMBOL        PBPSTACKTOP
  N:0000H         SYMBOL        PDATALEN
  N:0000H         SYMBOL        PDATASTART
  N:0000H         SYMBOL        PPAGE
  N:0000H         SYMBOL        PPAGEENABLE
  D:00A0H         SYMBOL        PPAGE_SFR
  D:0081H         SYMBOL        SP
  C:0096H         SYMBOL        STARTUP1
  N:0000H         SYMBOL        XBPSTACK
  N:0000H         SYMBOL        XBPSTACKTOP
  N:0000H         SYMBOL        XDATALEN
  N:0000H         SYMBOL        XDATASTART
  C:0000H         LINE#         126
  C:0096H         LINE#         133
  C:0098H         LINE#         134
  C:0099H         LINE#         135
  C:009AH         LINE#         136
  C:009CH         LINE#         185
  C:009FH         LINE#         196
  -------         ENDMOD        ?C_STARTUP

  -------         MODULE        TEST4
  C:0000H         SYMBOL        _ICE_DUMMY_
  D:0080H         PUBLIC        P0
  D:0090H         PUBLIC        P1
  C:00A2H         PUBLIC        _delay
  B:0090H.0       PUBLIC        k1
  B:0090H.1       PUBLIC        k2
  B:0090H.2       PUBLIC        k3
  B:0090H.3       PUBLIC        k4
  C:0003H         PUBLIC        main
  D:0008H         PUBLIC        temp
  C:0086H         PUBLIC        seg
  D:0009H         PUBLIC        i
  -------         PROC          _DELAY
  D:0006H         SYMBOL        a
  C:00A2H         LINE#         10
  C:00A2H         LINE#         11
  C:00A2H         LINE#         12
  C:00ACH         LINE#         13
  -------         ENDPROC       _DELAY
  -------         PROC          MAIN
  C:0003H         LINE#         15
  C:0003H         LINE#         16
  C:0003H         LINE#         17
  C:0003H         LINE#         18
  C:0003H         LINE#         19
  C:0006H         LINE#         20
  C:0014H         LINE#         21
  C:0014H         LINE#         22
BL51 BANKED LINKER/LOCATER V6.22.2.0                                                  10/28/2021  15:39:02  PAGE 3


  C:0017H         LINE#         23
  C:002AH         LINE#         24
  C:002DH         LINE#         25
  C:0040H         LINE#         26
  C:0043H         LINE#         27
  C:0056H         LINE#         28
  C:0059H         LINE#         29
  C:006CH         LINE#         30
  C:0073H         LINE#         31
  C:0076H         LINE#         32
  C:007CH         LINE#         33
  C:007FH         LINE#         34
  C:0082H         LINE#         35
  -------         ENDPROC       MAIN
  -------         ENDMOD        TEST4

Program Size: data=11.0 xdata=0 code=173
LINK/LOCATE RUN COMPLETE.  0 WARNING(S),  0 ERROR(S)
